======================================================================
­ƒÅá APGB HOUSING LOAN CALCULATOR - AUTOMATED TEST SUITE
Circular No. 186/2025 Compliance Testing
======================================================================


­ƒôï TEST 1: Single - Salaried - Purchase (Standard)
------------------------------------------------------------
   Ô£à PASSED
   Result: ELIGIBLE
   ROI: 7.75% | Tenure: 25 years
   Available EMI: Ôé╣41,900
   Eligible Loan: Ôé╣30,40,000

­ƒôï TEST 2: Single - Business - Construction (Guarantor Required)
------------------------------------------------------------
   Ô£à PASSED
   Result: ELIGIBLE
   ROI: 8.25% | Tenure: 30 years
   Available EMI: Ôé╣68,333
   Eligible Loan: Ôé╣40,00,000

­ƒôï TEST 3: Single - Agriculture - Repairs (15yr/30L cap)
------------------------------------------------------------
   Ô£à PASSED
   Result: ELIGIBLE
   ROI: 8.75% | Tenure: 15 years
   Available EMI: Ôé╣43,333
   Eligible Loan: Ôé╣22,50,000

­ƒôï TEST 4: Single - NTC (-1 CIBIL) - Purchase
------------------------------------------------------------
   Ô£à PASSED
   Result: ELIGIBLE
   ROI: 8.25% | Tenure: 30 years
   Available EMI: Ôé╣29,250
   Eligible Loan: Ôé╣25,20,000

­ƒôï TEST 5: Joint - Both Salaried - Purchase (65% Rule)
------------------------------------------------------------
   ÔØî FAILED
   Expected: ELIGIBLE
   Got: NOT ELIGIBLE
   Expected ROI: 7.75% | Got: 0%

­ƒôï TEST 6: Joint - Plot + Construction (50% Rule)
------------------------------------------------------------
   ÔØî FAILED
   Expected: ELIGIBLE
   Got: NOT ELIGIBLE
   Expected ROI: 8.25% | Got: 0%

­ƒôï TEST 7: Single - Takeover (Outstanding Limit)
------------------------------------------------------------
   Ô£à PASSED
   Result: ELIGIBLE
   ROI: 7.75% | Tenure: 17 years
   Available EMI: Ôé╣70,000
   Eligible Loan: Ôé╣35,00,000

­ƒôï TEST 8: REJECTION - Low CIBIL (600)
------------------------------------------------------------
   Ô£à PASSED
   Result: NOT ELIGIBLE
   Reason: CIBIL score below 650

­ƒôï TEST 9: REJECTION - CIBIL Adverse
------------------------------------------------------------
   Ô£à PASSED
   Result: NOT ELIGIBLE
   Reason: Has adverse CIBIL history

­ƒôï TEST 10: REJECTION - Property Too Old (Flat 22yrs)
------------------------------------------------------------
   Ô£à PASSED
   Result: NOT ELIGIBLE
   Reason: Flat age exceeds 20 years

======================================================================
­ƒôè TEST RESULTS SUMMARY
======================================================================
   Ô£à Passed: 8/10
   ÔØî Failed: 2/10
   Success Rate: 80.0%
======================================================================

ÔÜá´©Å  Some tests failed. Please review the implementation.
